// Vitest Snapshot v1, https://vitest.dev/guide/snapshot.html

exports[`[Given] Git Clean > [When] filepath full [then] print failure 2`] = `
"import type { ScribeConfig } from '@scribe/config';

const config = {
  options: {
    rootOutDir: '.',
    templatesDirectories: ['./src/common/test-fixtures'],
  },
  templates: {
    component: {
      outputs: [
        {
          templateFileKey: 'component',
          output: {
            directory: 'examples/src/components',
            fileName: '{{Name}}.ts',
          },
        },
      ],
    },
    screen: {
      outputs: [
        {
          templateFileKey: 'screen',
          output: {
            directory: 'examples/src/screens',
            fileName: '{{Name}}.ts',
          },
        },
        {
          templateFileKey: 'screen.test',
          output: {
            directory: 'examples/src/screens',
            fileName: '{{Name}}.test.ts',
          },
        },
      ],
    },
  },
} satisfies ScribeConfig;

export default config;
"
`;

exports[`[Given] Git Clean > [When] user accepts [Then] create file 2`] = `
"import { ScribeConfig } from '@kieran-osgood/scribe';

export default {
  options: {
    rootOutDir: '.',
    templatesDirectories: ['.'],
  },
  templates: {},
} satisfies ScribeConfig;
"
`;
