// Vitest Snapshot v1, https://vitest.dev/guide/snapshot.html

exports[`DefaultCommand > [Given] Flag passed in: --config & fully interactive session > [Then] creates two files 1`] = `
"// @ts-ignore
import * as React from 'react';

type LoginProps = {}
function LoginScreen() {

}
"
`;

exports[`DefaultCommand > [Given] Flag passed in: --config & fully interactive session > [Then] creates two files 2`] = `
"describe('Login', function() {
  it('should ', function() {

  });
});
"
`;

exports[`DefaultCommand > [Given] all flags used: --config --template --name > [Then] creates two files 1`] = `
"// @ts-ignore
import * as React from 'react';

type LoginProps = {}
function LoginScreen() {

}
"
`;

exports[`DefaultCommand > [Given] all flags used: --config --template --name > [Then] creates two files 2`] = `
"describe('Login', function() {
  it('should ', function() {

  });
});
"
`;

exports[`DefaultCommand > [Given] only --name passed in > [Then] creates two files 1`] = `
"// @ts-ignore
import * as React from 'react';

type LoginProps = {}
function LoginScreen() {

}
"
`;

exports[`DefaultCommand > [Given] only --name passed in > [Then] creates two files 2`] = `
"describe('Login', function() {
  it('should ', function() {

  });
});
"
`;

exports[`DefaultCommand > [Given] only --template passed in > [Then] creates two files 1`] = `
"// @ts-ignore
import * as React from 'react';

type LoginProps = {}
function LoginScreen() {

}
"
`;

exports[`DefaultCommand > [Given] only --template passed in > [Then] creates two files 2`] = `
"describe('Login', function() {
  it('should ', function() {

  });
});
"
`;

exports[`InitCommand > [Given] Git Clean > [When] filepath clear [Then] create file 2`] = `
"import { ScribeConfig } from '@kieran-osgood/scribe';

export default {
  options: {
    rootOutDir: '.',
    templatesDirectories: ['.'],
  },
  templates: {},
} satisfies ScribeConfig;
"
`;

exports[`InitCommand > [Given] Git Clean > [When] filepath clear [Then] create file 3`] = `
"import { ScribeConfig } from '@kieran-osgood/scribe';

export default {
  options: {
    rootOutDir: '.',
    templatesDirectories: ['.'],
  },
  templates: {},
} satisfies ScribeConfig;
"
`;

exports[`InitCommand > [Given] Git Clean > [When] filepath full [then] print failure 2`] = `
"import type { ScribeConfig } from '@scribe/config';

const config = {
  options: {
    rootOutDir: '.',
    templatesDirectories: ['./src/common/test-fixtures'],
  },
  templates: {
    component: {
      outputs: [
        {
          templateFileKey: 'component',
          output: {
            directory: 'examples/src/components',
            fileName: '{{Name}}.ts',
          },
        },
      ],
    },
    screen: {
      outputs: [
        {
          templateFileKey: 'screen',
          output: {
            directory: 'examples/src/screens',
            fileName: '{{Name}}.ts',
          },
        },
        {
          templateFileKey: 'screen.test',
          output: {
            directory: 'examples/src/screens',
            fileName: '{{Name}}.test.ts',
          },
        },
      ],
    },
  },
} satisfies ScribeConfig;

export default config;
"
`;

exports[`InitCommand > [Given] Git dirty > [Then] prompt user to continue > [When] user accepts [Then] create file 2`] = `
"import { ScribeConfig } from '@kieran-osgood/scribe';

export default {
  options: {
    rootOutDir: '.',
    templatesDirectories: ['.'],
  },
  templates: {},
} satisfies ScribeConfig;
"
`;

exports[`InitCommand > [Given] Git dirty > [Then] prompt user to continue > [When] user accepts [Then] create file 3`] = `
"import { ScribeConfig } from '@kieran-osgood/scribe';

export default {
  options: {
    rootOutDir: '.',
    templatesDirectories: ['.'],
  },
  templates: {},
} satisfies ScribeConfig;
"
`;
